{
  "version" : "",
  "timestamp" : 1748956517,
  "issues" : [ {
    "severity" : "ERROR",
    "id" : "MISSING_VAR",
    "message" : "MISSING_VAR",
    "category" : "CFLINT",
    "abbrev" : "MV",
    "locations" : [ {
      "file" : "src/test/resources/com/cflint/tests/VarScoper/39_localmode.cfc",
      "fileName" : "39_localmode.cfc",
      "function" : "localModeFunction4",
      "offset" : 841,
      "column" : 9,
      "line" : 26,
      "message" : "Variable localVar is not declared with a var statement.",
      "variable" : "localVar",
      "expression" : "localVar"
    } ]
  } ],
  "counts" : {
    "totalFiles" : 0,
    "totalLines" : 0,
    "countByCode" : [ {
      "code" : "MISSING_VAR",
      "count" : 1
    } ],
    "countBySeverity" : [ {
      "severity" : "ERROR",
      "count" : 1
    } ]
  }
}